Microchip MPLAB XC8 Compiler V2.46

Linker command line:

-W-3 \
  --edf=C:\Program Files\Microchip\xc8\v2.46\pic\dat\20240104201356_en.msgs \
  -cn -h+dist/default/production\second.production.sym \
  --cmf=dist/default/production\second.production.cmf -z -Q18F4620 \
  -oC:\Users\Ideapad\AppData\Local\Temp\xcAsaqo.\driver_tmp_3.o \
  --defsym=__MPLAB_BUILD=1 --fixupoverflow=error \
  -Mdist/default/production/second.production.map \
  --md=C:\Users\Ideapad\AppData\Local\Temp\xcAsaqo.\driver_tmp_0.dat -E1 \
  -ver=XC8 Compiler --acfsm=1493 -ACODE=00h-0FFFFh -ACONST=00h-0FFFFh \
  -ASMALLCONST=01000h-010FFhx240 -AMEDIUMCONST=01000h-0FFFFh \
  -ACOMRAM=01h-07Fh -AABS1=00h-0F7Fh -ABIGRAM=01h-0F7Fh \
  -ARAM=080h-0FFh,0100h-01FFhx14,0F00h-0F7Fh -ABANK0=080h-0FFh \
  -ABANK1=0100h-01FFh -ABANK2=0200h-02FFh -ABANK3=0300h-03FFh \
  -ABANK4=0400h-04FFh -ABANK5=0500h-05FFh -ABANK6=0600h-06FFh \
  -ABANK7=0700h-07FFh -ABANK8=0800h-08FFh -ABANK9=0900h-09FFh \
  -ABANK10=0A00h-0AFFh -ABANK11=0B00h-0BFFh -ABANK12=0C00h-0CFFh \
  -ABANK13=0D00h-0DFFh -ABANK14=0E00h-0EFFh -ABANK15=0F00h-0F7Fh \
  -ASFR=0F80h-0FFFh -ABIGSFR=0F80h-0FFFh -ACONFIG=0300000h-030000Dh \
  -AIDLOC=0200000h-0200007h -AEEDATA=0F00000h-0F003FFh -peeprom_data=EEDATA \
  -preset_vec=00h,intcode,sivt_hi,intcodelo,sivt_lo,powerup,init \
  -pramtop=01000h -psmallconst=SMALLCONST -pmediumconst=MEDIUMCONST \
  -pconst=CONST -AFARRAM=00h-00h \
  -prdata=COMRAM,nvrram=COMRAM,nvbit=COMRAM,rbss=COMRAM,rbit=COMRAM \
  -pfarbss=FARRAM,fardata=FARRAM,nvFARRAM=FARRAM \
  -pintsave_regs=BIGRAM,bigbss=BIGRAM,bigdata=BIGRAM -pbss=RAM \
  -pidata=CODE,irdata=CODE,ibigdata=CODE,ifardata=CODE -prparam=COMRAM \
  C:\Users\Ideapad\AppData\Local\Temp\xcAsaqo.\driver_tmp_9.o \
  dist/default/production\second.production.o 

Object code version is 3.11

Machine type is 18F4620



                Name                               Link     Load   Length Selector   Space Scale
C:\Users\Ideapad\AppData\Local\Temp\xcAsaqo.\driver_tmp_9.o
                config                           300000   300000        E        0       4
                init                                  0        0        4        0       0
dist/default/production\second.production.o
                config                           300000   300000        E        0       4
                smallconst                         1000     1000        2      800       0
                text16                             1378     1378      110      801       0
                text15                             195A     195A       74      801       0
                text14                             18E6     18E6       74      801       0
                text13                             164A     164A       CE      801       0
                text12                             1864     1864       82      801       0
                text11                             1A3E     1A3E       66      801       0
                text10                             1134     1134      132      801       0
                text9                              1002     1002      132      801       0
                text8                              1488     1488       E2      801       0
                text7                              1266     1266      112      801       0
                text6                              1BA8     1BA8       26      801       0
                text5                              1AA4     1AA4       58      801       0
                text4                              19CE     19CE       70      801       0
                text3                              1AFC     1AFC       4A      801       0
                text2                              17CA     17CA       9A      801       0
                text1                              1718     1718       B2      801       0
                text0                              156A     156A       E0      801       0
                cstackCOMRAM                         2D       2D        F        1       1
                dataCOMRAM                            1        1       2C        1       1
                bssCOMRAM                            3C       3C        7        1       1
                cinit                              1B46     1B46       36      801       0
                nvCOMRAM                             43       43        1        1       1
                idataCOMRAM                        1B7C     1B7C       2C      801       0

TOTAL           Name                               Link     Load   Length     Space
        CLASS   CODE           
                init                                  0        0        4         0
                text16                             1378     1378      110         0
                text15                             195A     195A       74         0
                text14                             18E6     18E6       74         0
                text13                             164A     164A       CE         0
                text12                             1864     1864       82         0
                text11                             1A3E     1A3E       66         0
                text10                             1134     1134      132         0
                text9                              1002     1002      132         0
                text8                              1488     1488       E2         0
                text7                              1266     1266      112         0
                text6                              1BA8     1BA8       26         0
                text5                              1AA4     1AA4       58         0
                text4                              19CE     19CE       70         0
                text3                              1AFC     1AFC       4A         0
                text2                              17CA     17CA       9A         0
                text1                              1718     1718       B2         0
                text0                              156A     156A       E0         0
                cinit                              1B46     1B46       36         0
                idataCOMRAM                        1B7C     1B7C       2C         0

        CLASS   CONST          

        CLASS   SMALLCONST     
                smallconst                         1000     1000        2         0

        CLASS   MEDIUMCONST    

        CLASS   COMRAM         
                cstackCOMRAM                         2D       2D        F         1
                dataCOMRAM                            1        1       2C         1
                bssCOMRAM                            3C       3C        7         1
                nvCOMRAM                             43       43        1         1

        CLASS   ABS1           

        CLASS   BIGRAM         

        CLASS   RAM            

        CLASS   BANK0          

        CLASS   BANK1          

        CLASS   BANK2          

        CLASS   BANK3          

        CLASS   BANK4          

        CLASS   BANK5          

        CLASS   BANK6          

        CLASS   BANK7          

        CLASS   BANK8          

        CLASS   BANK9          

        CLASS   BANK10         

        CLASS   BANK11         

        CLASS   BANK12         

        CLASS   BANK13         

        CLASS   BANK14         

        CLASS   BANK15         

        CLASS   SFR            

        CLASS   BIGSFR         

        CLASS   CONFIG         
                config                           300000   300000        E         4

        CLASS   IDLOC          

        CLASS   EEDATA         

        CLASS   FARRAM         

        CLASS   HEAP           

        CLASS   STACK          



SEGMENTS        Name                           Load    Length   Top    Selector   Space  Class

                reset_vec                      000000  000004  000004         0       0  CODE    
                dataCOMRAM                     000001  000043  000044         1       1  COMRAM  
                smallconst                     001000  000002  001002       800       0  SMALLCON
                text9                          001002  000BCC  001BCE       801       0  CODE    


UNUSED ADDRESS RANGES

        Name                Unused          Largest block    Delta
        BANK0            000080-0000FF               80
        BANK1            000100-0001FF              100
        BANK10           000A00-000AFF              100
        BANK11           000B00-000BFF              100
        BANK12           000C00-000CFF              100
        BANK13           000D00-000DFF              100
        BANK14           000E00-000EFF              100
        BANK15           000F00-000F7F               80
        BANK2            000200-0002FF              100
        BANK3            000300-0003FF              100
        BANK4            000400-0004FF              100
        BANK5            000500-0005FF              100
        BANK6            000600-0006FF              100
        BANK7            000700-0007FF              100
        BANK8            000800-0008FF              100
        BANK9            000900-0009FF              100
        BIGRAM           000044-000F7F              F3C
        BIGSFR           000F80-000FFF               80
        CODE             000004-000FFF              FFC
                         001BCE-00FFFF             E432
        COMRAM           000044-00007F               3C
        CONST            000004-000FFF              FFC
                         001BCE-00FFFF             E432
        EEDATA           F00000-F003FF              400
        IDLOC            200000-200007                8
        MEDIUMCONST      001BCE-00FFFF             E432
        RAM              000080-000F7F              100
        SFR              000F80-000FFF               80
        SMALLCONST       001BCE-00FFFF              100

                                  Symbol Table

_LATA                                     (abs)        000F89
_LATB                                     (abs)        000F8A
_LATC                                     (abs)        000F8B
_LATD                                     (abs)        000F8C
_LATE                                     (abs)        000F8D
_PORTA                                    (abs)        000F80
_PORTB                                    (abs)        000F81
_PORTC                                    (abs)        000F82
_PORTD                                    (abs)        000F83
_PORTE                                    (abs)        000F84
_Program_1                                text13       00164A
_Program_2                                text10       001134
_Program_3                                text9        001002
_Program_4                                text8        001488
_Programe_Selected                        bssCOMRAM    00003E
_TRISA                                    (abs)        000F92
_TRISB                                    (abs)        000F93
_TRISC                                    (abs)        000F94
_TRISD                                    (abs)        000F95
_TRISE                                    (abs)        000F96
__HRAM                                    (abs)        000000
__H__absolute__                           __absolute__ 000000
__Habs1                                   abs1         000000
__Hbank0                                  bank0        000000
__Hbank1                                  bank1        000000
__Hbank10                                 bank10       000000
__Hbank11                                 bank11       000000
__Hbank12                                 bank12       000000
__Hbank13                                 bank13       000000
__Hbank14                                 bank14       000000
__Hbank15                                 bank15       000000
__Hbank2                                  bank2        000000
__Hbank3                                  bank3        000000
__Hbank4                                  bank4        000000
__Hbank5                                  bank5        000000
__Hbank6                                  bank6        000000
__Hbank7                                  bank7        000000
__Hbank8                                  bank8        000000
__Hbank9                                  bank9        000000
__Hbigbss                                 bigbss       000000
__Hbigdata                                bigdata      000000
__Hbigram                                 bigram       000000
__Hbigsfr                                 bigsfr       000000
__Hbss                                    bss          000000
__HbssCOMRAM                              bssCOMRAM    000000
__Hcinit                                  cinit        000000
__Hclrtext                                clrtext      000000
__Hcomram                                 comram       000000
__Hconfig                                 config       30000E
__Hconst                                  const        000000
__HcstackCOMRAM                           cstackCOMRAM 000000
__Hdata                                   data         000000
__HdataCOMRAM                             dataCOMRAM   000000
__Heeprom_data                            eeprom_data  000000
__Hfarbss                                 farbss       000000
__Hfardata                                fardata      000000
__Hheap                                   heap         000000
__Hibigdata                               ibigdata     000000
__Hidata                                  idata        000000
__HidataCOMRAM                            idataCOMRAM  000000
__Hidloc                                  idloc        000000
__Hifardata                               ifardata     000000
__Hinit                                   init         000004
__Hintcode                                intcode      000000
__Hintcode_body                           intcode_body 000000
__Hintcodelo                              intcodelo    000000
__Hintentry                               intentry     000000
__Hintret                                 intret       000000
__Hintsave_regs                           intsave_regs 000000
__Hirdata                                 irdata       000000
__Hmediumconst                            mediumconst  000000
__HnvCOMRAM                               nvCOMRAM     000000
__HnvFARRAM                               nvFARRAM     000000
__Hnvbit                                  nvbit        000000
__Hnvrram                                 nvrram       000000
__Hparam                                  rparam       000000
__Hpowerup                                powerup      000000
__Hram                                    ram          000000
__Hramtop                                 ramtop       001000
__Hrbit                                   rbit         000000
__Hrbss                                   rbss         000000
__Hrdata                                  rdata        000000
__Hreset_vec                              reset_vec    000000
__Hrparam                                 rparam       000000
__Hsfr                                    sfr          000000
__Hsivt_hi                                sivt_hi      000000
__Hsivt_lo                                sivt_lo      000000
__Hsmallconst                             smallconst   001002
__Hspace_0                                (abs)        001BCE
__Hspace_1                                (abs)        000044
__Hspace_2                                (abs)        000000
__Hspace_4                                (abs)        60000E
__Hstack                                  stack        000000
__Hstruct                                 struct       000000
__Htemp                                   temp         000000
__Htext                                   text         000000
__Htext0                                  text0        000000
__Htext1                                  text1        000000
__Htext10                                 text10       000000
__Htext11                                 text11       000000
__Htext12                                 text12       000000
__Htext13                                 text13       000000
__Htext14                                 text14       000000
__Htext15                                 text15       000000
__Htext16                                 text16       000000
__Htext2                                  text2        000000
__Htext3                                  text3        000000
__Htext4                                  text4        000000
__Htext5                                  text5        000000
__Htext6                                  text6        000000
__Htext7                                  text7        000000
__Htext8                                  text8        000000
__Htext9                                  text9        000000
__LRAM                                    (abs)        000001
__L__absolute__                           __absolute__ 000000
__Labs1                                   abs1         000000
__Lbank0                                  bank0        000000
__Lbank1                                  bank1        000000
__Lbank10                                 bank10       000000
__Lbank11                                 bank11       000000
__Lbank12                                 bank12       000000
__Lbank13                                 bank13       000000
__Lbank14                                 bank14       000000
__Lbank15                                 bank15       000000
__Lbank2                                  bank2        000000
__Lbank3                                  bank3        000000
__Lbank4                                  bank4        000000
__Lbank5                                  bank5        000000
__Lbank6                                  bank6        000000
__Lbank7                                  bank7        000000
__Lbank8                                  bank8        000000
__Lbank9                                  bank9        000000
__Lbigbss                                 bigbss       000000
__Lbigdata                                bigdata      000000
__Lbigram                                 bigram       000000
__Lbigsfr                                 bigsfr       000000
__Lbss                                    bss          000000
__LbssCOMRAM                              bssCOMRAM    000000
__Lcinit                                  cinit        000000
__Lclrtext                                clrtext      000000
__Lcomram                                 comram       000000
__Lconfig                                 config       000000
__Lconst                                  const        000000
__LcstackCOMRAM                           cstackCOMRAM 000000
__Ldata                                   data         000000
__LdataCOMRAM                             dataCOMRAM   000000
__Leeprom_data                            eeprom_data  000000
__Lfarbss                                 farbss       000000
__Lfardata                                fardata      000000
__Lheap                                   heap         000000
__Libigdata                               ibigdata     000000
__Lidata                                  idata        000000
__LidataCOMRAM                            idataCOMRAM  000000
__Lidloc                                  idloc        000000
__Lifardata                               ifardata     000000
__Linit                                   init         000000
__Lintcode                                intcode      000000
__Lintcode_body                           intcode_body 000000
__Lintcodelo                              intcodelo    000000
__Lintentry                               intentry     000000
__Lintret                                 intret       000000
__Lintsave_regs                           intsave_regs 000000
__Lirdata                                 irdata       000000
__Lmediumconst                            mediumconst  000000
__LnvCOMRAM                               nvCOMRAM     000000
__LnvFARRAM                               nvFARRAM     000000
__Lnvbit                                  nvbit        000000
__Lnvrram                                 nvrram       000000
__Lparam                                  rparam       000000
__Lpowerup                                powerup      000000
__Lram                                    ram          000000
__Lramtop                                 ramtop       001000
__Lrbit                                   rbit         000000
__Lrbss                                   rbss         000000
__Lrdata                                  rdata        000000
__Lreset_vec                              reset_vec    000000
__Lrparam                                 rparam       000000
__Lsfr                                    sfr          000000
__Lsivt_hi                                sivt_hi      000000
__Lsivt_lo                                sivt_lo      000000
__Lsmallconst                             smallconst   001000
__Lspace_0                                (abs)        000000
__Lspace_1                                (abs)        000000
__Lspace_2                                (abs)        000000
__Lspace_4                                (abs)        000000
__Lstack                                  stack        000000
__Lstruct                                 struct       000000
__Ltemp                                   temp         000000
__Ltext                                   text         000000
__Ltext0                                  text0        000000
__Ltext1                                  text1        000000
__Ltext10                                 text10       000000
__Ltext11                                 text11       000000
__Ltext12                                 text12       000000
__Ltext13                                 text13       000000
__Ltext14                                 text14       000000
__Ltext15                                 text15       000000
__Ltext16                                 text16       000000
__Ltext2                                  text2        000000
__Ltext3                                  text3        000000
__Ltext4                                  text4        000000
__Ltext5                                  text5        000000
__Ltext6                                  text6        000000
__Ltext7                                  text7        000000
__Ltext8                                  text8        000000
__Ltext9                                  text9        000000
__S0                                      (abs)        001BCE
__S1                                      (abs)        000044
__S4                                      (abs)        000000
__S5                                      (abs)        000000
___heap_hi                                (abs)        000000
___heap_lo                                (abs)        000000
___inthi_sp                               stack        000000
___inthi_stack_hi                         stack        000000
___inthi_stack_lo                         stack        000000
___intlo_sp                               stack        000000
___intlo_stack_hi                         stack        000000
___intlo_stack_lo                         stack        000000
___param_bank                             (abs)        000000
___rparam_used                            (abs)        000001
___sp                                     stack        000000
___stack_hi                               stack        000000
___stack_lo                               stack        000000
__accesstop                               (abs)        000080
__activetblptr                            (abs)        000002
__end_of_Program_1                        text13       001718
__end_of_Program_2                        text10       001266
__end_of_Program_3                        text9        001134
__end_of_Program_4                        text8        00156A
__end_of__initialization                  cinit        001B72
__end_of_application_initialize           text3        001B46
__end_of_button_initialize                text6        001BCE
__end_of_button_read_state                text1        0017CA
__end_of_gpio_pin_direction_initialize    text7        001378
__end_of_gpio_pin_initialize              text5        001AFC
__end_of_gpio_pin_read_logic              text2        001864
__end_of_gpio_pin_toggle_logic            text12       0018E6
__end_of_gpio_pin_write_logic             text16       001488
__end_of_led_initialize                   text4        001A3E
__end_of_led_turn_off                     text15       0019CE
__end_of_led_turn_on                      text14       00195A
__end_of_led_turn_toggle                  text11       001AA4
__end_of_main                             text0        00164A
__initialization                          cinit        001B46
__mediumconst                             mediumconst  000000
__pbssCOMRAM                              bssCOMRAM    00003C
__pcinit                                  cinit        001B46
__pcstackCOMRAM                           cstackCOMRAM 00002D
__pdataCOMRAM                             dataCOMRAM   000001
__pidataCOMRAM                            idataCOMRAM  001B7C
__pnvCOMRAM                               nvCOMRAM     000043
__psmallconst                             smallconst   001000
__ptext0                                  text0        00156A
__ptext1                                  text1        001718
__ptext10                                 text10       001134
__ptext11                                 text11       001A3E
__ptext12                                 text12       001864
__ptext13                                 text13       00164A
__ptext14                                 text14       0018E6
__ptext15                                 text15       00195A
__ptext16                                 text16       001378
__ptext2                                  text2        0017CA
__ptext3                                  text3        001AFC
__ptext4                                  text4        0019CE
__ptext5                                  text5        001AA4
__ptext6                                  text6        001BA8
__ptext7                                  text7        001266
__ptext8                                  text8        001488
__ptext9                                  text9        001002
__ramtop                                  ramtop       001000
__smallconst                              smallconst   001000
_application_initialize                   text3        001AFC
_btn_high                                 dataCOMRAM   000021
_btn_high_last_valid_status               dataCOMRAM   00001F
_btn_high_status                          dataCOMRAM   000024
_btn_high_valid                           bssCOMRAM    00003C
_btn_high_valid_status                    dataCOMRAM   000020
_button_initialize                        text6        001BA8
_button_read_state                        text1        001718
_gpio_pin_direction_initialize            text7        001266
_gpio_pin_initialize                      text5        001AA4
_gpio_pin_read_logic                      text2        0017CA
_gpio_pin_toggle_logic                    text12       001864
_gpio_pin_write_logic                     text16       001378
_lat_registers                            dataCOMRAM   00000B
_led1                                     dataCOMRAM   00002C
_led2                                     dataCOMRAM   00002B
_led3                                     dataCOMRAM   00002A
_led4                                     dataCOMRAM   000029
_led5                                     dataCOMRAM   000028
_led6                                     dataCOMRAM   000027
_led7                                     dataCOMRAM   000026
_led8                                     dataCOMRAM   000025
_led_initialize                           text4        0019CE
_led_turn_off                             text15       00195A
_led_turn_on                              text14       0018E6
_led_turn_toggle                          text11       001A3E
_main                                     text0        00156A
_port_registers                           dataCOMRAM   000001
_ret                                      nvCOMRAM     000043
_tris_registers                           dataCOMRAM   000015
button_initialize@btn                     cstackCOMRAM 000034
button_initialize@ret                     cstackCOMRAM 000035
button_read_state@btn                     cstackCOMRAM 000033
button_read_state@btn_state               cstackCOMRAM 000034
button_read_state@pin_logic_status        cstackCOMRAM 000037
button_read_state@ret                     cstackCOMRAM 000036
end_of_initialization                     cinit        001B72
gpio_pin_direction_initialize@_pin_config cstackCOMRAM 00002D
gpio_pin_direction_initialize@ret         cstackCOMRAM 000033
gpio_pin_initialize@_pin_config           cstackCOMRAM 000035
gpio_pin_initialize@ret                   cstackCOMRAM 000037
gpio_pin_read_logic@_pin_config           cstackCOMRAM 00002D
gpio_pin_read_logic@logic                 cstackCOMRAM 00002E
gpio_pin_toggle_logic@_pin_config         cstackCOMRAM 00002D
gpio_pin_write_logic@_pin_config          cstackCOMRAM 00002D
gpio_pin_write_logic@logic                cstackCOMRAM 00002E
gpio_pin_write_logic@ret                  cstackCOMRAM 000034
intlevel0                                 text         000000
intlevel1                                 text         000000
intlevel2                                 text         000000
intlevel3                                 text         000000
isa$std                                   (abs)        000001
isa$xinst                                 (abs)        000000
led_initialize@F2573                      bssCOMRAM    000042
led_initialize@led                        cstackCOMRAM 000038
led_initialize@pin_obj                    cstackCOMRAM 00003B
led_initialize@ret                        cstackCOMRAM 00003A
led_turn_off@F2583                        bssCOMRAM    000040
led_turn_off@led                          cstackCOMRAM 000035
led_turn_off@pin_obj                      cstackCOMRAM 000038
led_turn_off@ret                          cstackCOMRAM 000037
led_turn_on@F2578                         bssCOMRAM    000041
led_turn_on@led                           cstackCOMRAM 000035
led_turn_on@pin_obj                       cstackCOMRAM 000038
led_turn_on@ret                           cstackCOMRAM 000037
led_turn_toggle@F2588                     bssCOMRAM    00003F
led_turn_toggle@led                       cstackCOMRAM 000032
led_turn_toggle@pin_obj                   cstackCOMRAM 000034
stackhi                                   (abs)        000000
stacklo                                   (abs)        000000
start                                     init         000000
start_initialization                      cinit        001B46


MODULE INFORMATION

Module		Function		Class		Link	Load	Size
ECU_Layer/Led/ecu_led.c
		_led_turn_toggle		CODE           	1A3E	0000	102
		_led_initialize		CODE           	19CE	0000	112
		_led_turn_on   		CODE           	18E6	0000	116
		_led_turn_off  		CODE           	195A	0000	116

ECU_Layer/Led/ecu_led.c estimated size: 446

shared
		__initialization		CODE           	1B46	0000	44

shared estimated size: 44

MCAL_Layer/GPIO/hal_gpio.c
		_gpio_pin_write_logic		CODE           	1378	0000	272
		_gpio_pin_read_logic		CODE           	17CA	0000	154
		_gpio_pin_direction_initialize		CODE           	1266	0000	274
		_gpio_pin_toggle_logic		CODE           	1864	0000	130
		_gpio_pin_initialize		CODE           	1AA4	0000	88

MCAL_Layer/GPIO/hal_gpio.c estimated size: 918

ECU_Layer/Button/ecu_btn.c
		_button_read_state		CODE           	1718	0000	178
		_button_initialize		CODE           	1BA8	0000	38

ECU_Layer/Button/ecu_btn.c estimated size: 216

application.c
		_application_initialize		CODE           	1AFC	0000	74
		_main          		CODE           	156A	0000	224
		_Program_1     		CODE           	164A	0000	206
		_Program_2     		CODE           	1134	0000	306
		_Program_3     		CODE           	1002	0000	306
		_Program_4     		CODE           	1488	0000	226

application.c estimated size: 1342

